MAP
  NAME "Tests"
  STATUS ON
  EXTENT -10 -10 10 10

  WEB
    TEMPLATE dummyTemplateForWmsGetFeatureInfo
    METADATA
        "ows_title" "Tests"
        "ows_encoding" "UTF-8"
        "ows_onlineresource" "http://example.com/ogc"
        "wms_enable_request" "*"
        "wfs_enable_request" "*"
    END
  END

  PROJECTION
    "init=epsg:4326"
  END

  SYMBOL
    NAME "circle"
    TYPE ellipse
    POINTS
      1 1
    END
    FILLED true
  END

  LAYER
    NAME "postgis-point-auto"
    GROUP "points"
    TYPE POINT
    PROJECTION
      "init=epsg:4326"
    END
    CONNECTIONTYPE postgis
    CONNECTION "user=www-data password=www-data dbname=tests host=localhost"
    DATA "the_geom FROM tests.point"
    EXTENT -10 -10 10 10
    STATUS ON
    TEMPLATE dummyTemplateForWmsGetFeatureInfo
    METADATA
        "ows_title" "Layer éàè"
        "ows_group_title" "Points group"
        "ows_featureid" "gid"
        "ows_the_geom_type" "point"
        "ows_geometries" "the_geom"
        "gml_include_items" "all"
        "gml_types" "auto"
    END
  END

  LAYER
    NAME "postgis-line-auto"
    TYPE LINE
    PROJECTION
      "init=epsg:4326"
    END
    CONNECTIONTYPE postgis
    CONNECTION "user=www-data password=www-data dbname=tests host=localhost"
    DATA "the_geom FROM tests.line"
    EXTENT -10 -10 10 10
    STATUS ON
    TEMPLATE dummyTemplateForWmsGetFeatureInfo
    METADATA
        "ows_title" "Layer éàè"
        "ows_featureid" "gid"
        "ows_the_geom_type" "line"
        "ows_geometries" "the_geom"
        "gml_include_items" "all"
        "gml_types" "auto"
    END
  END

  LAYER
    NAME "postgis-polygon-auto"
    TYPE POLYGON
    PROJECTION
      "init=epsg:4326"
    END
    CONNECTIONTYPE postgis
    CONNECTION "user=www-data password=www-data dbname=tests host=localhost"
    DATA "the_geom FROM tests.polygon"
    EXTENT -10 -10 10 10
    STATUS ON
    TEMPLATE dummyTemplateForWmsGetFeatureInfo
    METADATA
        "ows_title" "Layer éàè"
        "ows_featureid" "gid"
        "ows_the_geom_type" "polygon"
        "ows_geometries" "the_geom"
        "gml_include_items" "all"
        "gml_types" "auto"
    END
  END


  LAYER
    NAME "postgis-point"
    GROUP "points"
    TYPE POINT
    PROJECTION
      "init=epsg:4326"
    END
    CONNECTIONTYPE postgis
    CONNECTION "user=www-data password=www-data dbname=tests host=localhost"
    DATA "the_geom FROM tests.point"
    EXTENT -10 -10 10 10
    STATUS ON
    TEMPLATE dummyTemplateForWmsGetFeatureInfo
    METADATA
        "ows_title" "Layer éàè"
        "ows_featureid" "gid"
        "ows_the_geom_type" "point"
        "ows_geometries" "the_geom"
        "gml_include_items" "all"
        "gml_gid_type" "Integer"
        "gml_int_type" "Integer"
        "gml_real_type" "Real"
        "gml_character_type" "Character"
        "gml_date_type" "Date"
        "gml_boolean_type" "Boolean"
    END
    MINSCALEDENOM 5000
    MAXSCALEDENOM 500000
    CLASS
        MINSCALEDENOM 5000
        MAXSCALEDENOM 50000
        NAME "Point"
        STYLE
            SYMBOL "circle"
            SIZE 14
            COLOR 0 255 0
            OUTLINECOLOR 0 0 255
        END
    END
  END

  LAYER
    NAME "postgis-line"
    TYPE LINE
    PROJECTION
      "init=epsg:4326"
    END
    CONNECTIONTYPE postgis
    CONNECTION "user=www-data password=www-data dbname=tests host=localhost"
    DATA "the_geom FROM tests.line"
    EXTENT -10 -10 10 10
    STATUS ON
    TEMPLATE dummyTemplateForWmsGetFeatureInfo
    METADATA
        "ows_title" "Layer éàè"
        "ows_featureid" "gid"
        "ows_the_geom_type" "line"
        "ows_geometries" "the_geom"
        "gml_include_items" "all"
        "gml_gid_type" "Integer"
        "gml_int_type" "Integer"
        "gml_real_type" "Real"
        "gml_character_type" "Character"
        "gml_date_type" "Date"
        "gml_boolean_type" "Boolean"
    END
  END

  LAYER
    NAME "postgis-polygon"
    TYPE POLYGON
    PROJECTION
      "init=epsg:4326"
    END
    CONNECTIONTYPE postgis
    CONNECTION "user=www-data password=www-data dbname=tests host=localhost"
    DATA "the_geom FROM tests.polygon"
    EXTENT -10 -10 10 10
    STATUS ON
    TEMPLATE dummyTemplateForWmsGetFeatureInfo
    METADATA
        "ows_title" "Layer éàè"
        "ows_featureid" "gid"
        "ows_the_geom_type" "polygon"
        "ows_geometries" "the_geom"
        "gml_include_items" "all"
        "gml_gid_type" "Integer"
        "gml_int_type" "Integer"
        "gml_real_type" "Real"
        "gml_character_type" "Character"
        "gml_date_type" "Date"
        "gml_boolean_type" "Boolean"
    END
  END







  LAYER
    NAME "shp-point-auto"
    GROUP "points"
    TYPE POINT
    PROJECTION
      "init=epsg:4326"
    END
    DATA "point"
    EXTENT -10 -10 10 10
    STATUS ON
    TEMPLATE dummyTemplateForWmsGetFeatureInfo
    METADATA
        "ows_title" "Layer éàè"
        "ows_featureid" "int"
        "ows_the_geom_type" "point"
        "ows_geometries" "the_geom"
        "gml_include_items" "all"
        "gml_types" "auto"
    END
  END

  LAYER
    NAME "shp-line-auto"
    TYPE LINE
    PROJECTION
      "init=epsg:4326"
    END
    DATA "line"
    EXTENT -10 -10 10 10
    STATUS ON
    TEMPLATE dummyTemplateForWmsGetFeatureInfo
    METADATA
        "ows_title" "Layer éàè"
        "ows_featureid" "int"
        "ows_the_geom_type" "line"
        "ows_geometries" "the_geom"
        "gml_include_items" "all"
        "gml_types" "auto"
    END
  END

  LAYER
    NAME "shp-polygon-auto"
    TYPE POLYGON
    PROJECTION
      "init=epsg:4326"
    END
    DATA "polygon"
    EXTENT -10 -10 10 10
    STATUS ON
    TEMPLATE dummyTemplateForWmsGetFeatureInfo
    METADATA
        "ows_title" "Layer éàè"
        "ows_featureid" "int"
        "ows_the_geom_type" "polygon"
        "ows_geometries" "the_geom"
        "gml_include_items" "all"
        "gml_types" "auto"
    END
  END


  LAYER
    NAME "shp-point"
    GROUP "points"
    TYPE POINT
    PROJECTION
      "init=epsg:4326"
    END
    DATA "point"
    EXTENT -10 -10 10 10
    STATUS ON
    TEMPLATE dummyTemplateForWmsGetFeatureInfo
    METADATA
        "ows_title" "Layer éàè"
        "ows_featureid" "int"
        "ows_the_geom_type" "point"
        "ows_geometries" "the_geom"
        "gml_include_items" "all"
        "gml_gid_type" "Integer"
        "gml_int_type" "Integer"
        "gml_real_type" "Real"
        "gml_character_type" "Character"
        "gml_date_type" "Date"
        "gml_boolean_type" "Boolean"
    END
    MINSCALEDENOM 5000
    MAXSCALEDENOM 500000
    CLASS
        MINSCALEDENOM 5000
        MAXSCALEDENOM 50000
        NAME "Point"
        STYLE
            SYMBOL "circle"
            SIZE 14
            COLOR 0 255 0
            OUTLINECOLOR 0 0 255
        END
    END
  END

  LAYER
    NAME "shp-line"
    TYPE LINE
    PROJECTION
      "init=epsg:4326"
    END
    DATA "line"
    EXTENT -10 -10 10 10
    STATUS ON
    TEMPLATE dummyTemplateForWmsGetFeatureInfo
    METADATA
        "ows_title" "Layer éàè"
        "ows_featureid" "int"
        "ows_the_geom_type" "line"
        "ows_geometries" "the_geom"
        "gml_include_items" "all"
        "gml_gid_type" "Integer"
        "gml_int_type" "Integer"
        "gml_real_type" "Real"
        "gml_character_type" "Character"
        "gml_date_type" "Date"
        "gml_boolean_type" "Boolean"
    END
  END

  LAYER
    NAME "shp-polygon"
    TYPE POLYGON
    PROJECTION
      "init=epsg:4326"
    END
    DATA "polygon"
    EXTENT -10 -10 10 10
    STATUS ON
    TEMPLATE dummyTemplateForWmsGetFeatureInfo
    METADATA
        "ows_title" "Layer éàè"
        "ows_featureid" "int"
        "ows_the_geom_type" "polygon"
        "ows_geometries" "the_geom"
        "gml_include_items" "all"
        "gml_gid_type" "Integer"
        "gml_int_type" "Integer"
        "gml_real_type" "Real"
        "gml_character_type" "Character"
        "gml_date_type" "Date"
        "gml_boolean_type" "Boolean"
    END
  END

  LAYER
    NAME "wms-point"
    TYPE Raster
    PROJECTION
      "init=epsg:4326"
    END
    CONNECTIONTYPE wms
    CONNECTION "http://localhost/mapserv-tests"
    EXTENT -10 -10 10 10
    STATUS ON
    TEMPLATE dummyTemplateForWmsGetFeatureInfo
    METADATA
        "wms_srs" "EPSG:4326"
        "wms_name" "postgis-point"
        "wms_server_version" "1.1.1"
        "wms_format" "image/png"
        "ows_title" "WMS client"
    END
  END


  LAYER
    NAME "wfs-point"
    GROUP "points"
    TYPE POINT
    PROJECTION
      "init=epsg:4326"
    END
    CONNECTIONTYPE wfs
    CONNECTION "http://localhost/mapserv-tests"
    EXTENT -10 -10 10 10
    STATUS ON
    TEMPLATE dummyTemplateForWmsGetFeatureInfo
    METADATA
        "wfs_typename" "postgis-point"
        "wfs_version" "1.0.0"
        "ows_title" "Layer éàè"
        "ows_featureid" "gid"
        "ows_the_geom_type" "point"
        "ows_geometries" "the_geom"
        "gml_include_items" "all"
        "gml_gid_type" "Integer"
        "gml_int_type" "Integer"
        "gml_real_type" "Real"
        "gml_character_type" "Character"
        "gml_date_type" "Date"
        "gml_boolean_type" "Boolean"
    END
    MINSCALEDENOM 5000
    MAXSCALEDENOM 500000
    CLASS
        MINSCALEDENOM 5000
        MAXSCALEDENOM 50000
        NAME "Point"
        STYLE
            SYMBOL "circle"
            SIZE 14
            COLOR 0 255 0
            OUTLINECOLOR 0 0 255
        END
    END
  END
END
